Build and Deploy Job	Set up job	´╗┐2025-10-04T16:46:46.6636202Z Current runner version: '2.328.0'
Build and Deploy Job	Set up job	2025-10-04T16:46:46.6660838Z ##[group]Runner Image Provisioner
Build and Deploy Job	Set up job	2025-10-04T16:46:46.6661774Z Hosted Compute Agent
Build and Deploy Job	Set up job	2025-10-04T16:46:46.6662352Z Version: 20250912.392
Build and Deploy Job	Set up job	2025-10-04T16:46:46.6663276Z Commit: d921fda672a98b64f4f82364647e2f10b2267d0b
Build and Deploy Job	Set up job	2025-10-04T16:46:46.6664114Z Build Date: 2025-09-12T15:23:14Z
Build and Deploy Job	Set up job	2025-10-04T16:46:46.6664720Z ##[endgroup]
Build and Deploy Job	Set up job	2025-10-04T16:46:46.6665252Z ##[group]Operating System
Build and Deploy Job	Set up job	2025-10-04T16:46:46.6665884Z Ubuntu
Build and Deploy Job	Set up job	2025-10-04T16:46:46.6666344Z 24.04.3
Build and Deploy Job	Set up job	2025-10-04T16:46:46.6666759Z LTS
Build and Deploy Job	Set up job	2025-10-04T16:46:46.6667276Z ##[endgroup]
Build and Deploy Job	Set up job	2025-10-04T16:46:46.6667734Z ##[group]Runner Image
Build and Deploy Job	Set up job	2025-10-04T16:46:46.6668314Z Image: ubuntu-24.04
Build and Deploy Job	Set up job	2025-10-04T16:46:46.6668890Z Version: 20250929.60.1
Build and Deploy Job	Set up job	2025-10-04T16:46:46.6669865Z Included Software: https://github.com/actions/runner-images/blob/ubuntu24/20250929.60/images/ubuntu/Ubuntu2404-Readme.md
Build and Deploy Job	Set up job	2025-10-04T16:46:46.6671197Z Image Release: https://github.com/actions/runner-images/releases/tag/ubuntu24%2F20250929.60
Build and Deploy Job	Set up job	2025-10-04T16:46:46.6672429Z ##[endgroup]
Build and Deploy Job	Set up job	2025-10-04T16:46:46.6673608Z ##[group]GITHUB_TOKEN Permissions
Build and Deploy Job	Set up job	2025-10-04T16:46:46.6675416Z Contents: read
Build and Deploy Job	Set up job	2025-10-04T16:46:46.6675992Z Metadata: read
Build and Deploy Job	Set up job	2025-10-04T16:46:46.6676536Z ##[endgroup]
Build and Deploy Job	Set up job	2025-10-04T16:46:46.6678891Z Secret source: Actions
Build and Deploy Job	Set up job	2025-10-04T16:46:46.6679620Z Prepare workflow directory
Build and Deploy Job	Set up job	2025-10-04T16:46:46.6999851Z Prepare all required actions
Build and Deploy Job	Set up job	2025-10-04T16:46:46.7037382Z Getting action download info
Build and Deploy Job	Set up job	2025-10-04T16:46:47.1663120Z Download action repository 'actions/checkout@v4' (SHA:08eba0b27e820071cde6df949e0beb9ba4906955)
Build and Deploy Job	Set up job	2025-10-04T16:46:47.3786703Z Download action repository 'actions/setup-node@v4' (SHA:49933ea5288caeca8642d1e84afbd3f7d6820020)
Build and Deploy Job	Set up job	2025-10-04T16:46:47.5985539Z Download action repository 'Azure/static-web-apps-deploy@v1' (SHA:4d27395796ac319302594769cfe812bd207490b1)
Build and Deploy Job	Set up job	2025-10-04T16:46:48.0574790Z Complete job name: Build and Deploy Job
Build and Deploy Job	Build Azure/static-web-apps-deploy@v1	´╗┐2025-10-04T16:46:48.1018979Z ##[group]Build container for action use: '/home/runner/work/_actions/Azure/static-web-apps-deploy/v1/Dockerfile'.
Build and Deploy Job	Build Azure/static-web-apps-deploy@v1	2025-10-04T16:46:48.1070571Z ##[command]/usr/bin/docker build -t 60b337:355ee83574944d89ac1243d1aca3355d -f "/home/runner/work/_actions/Azure/static-web-apps-deploy/v1/Dockerfile" "/home/runner/work/_actions/Azure/static-web-apps-deploy/v1"
Build and Deploy Job	Build Azure/static-web-apps-deploy@v1	2025-10-04T16:46:51.4426838Z #0 building with "default" instance using docker driver
Build and Deploy Job	Build Azure/static-web-apps-deploy@v1	2025-10-04T16:46:51.4427634Z 
Build and Deploy Job	Build Azure/static-web-apps-deploy@v1	2025-10-04T16:46:51.4427883Z #1 [internal] load build definition from Dockerfile
Build and Deploy Job	Build Azure/static-web-apps-deploy@v1	2025-10-04T16:46:51.4428407Z #1 transferring dockerfile: 160B done
Build and Deploy Job	Build Azure/static-web-apps-deploy@v1	2025-10-04T16:46:51.4428841Z #1 DONE 0.0s
Build and Deploy Job	Build Azure/static-web-apps-deploy@v1	2025-10-04T16:46:51.4429063Z 
Build and Deploy Job	Build Azure/static-web-apps-deploy@v1	2025-10-04T16:46:51.4429418Z #2 [internal] load metadata for mcr.microsoft.com/appsvc/staticappsclient:stable
Build and Deploy Job	Build Azure/static-web-apps-deploy@v1	2025-10-04T16:46:51.4430065Z #2 DONE 0.1s
Build and Deploy Job	Build Azure/static-web-apps-deploy@v1	2025-10-04T16:46:51.5658247Z 
Build and Deploy Job	Build Azure/static-web-apps-deploy@v1	2025-10-04T16:46:51.5660439Z #3 [internal] load .dockerignore
Build and Deploy Job	Build Azure/static-web-apps-deploy@v1	2025-10-04T16:46:51.5661681Z #3 transferring context: 2B done
Build and Deploy Job	Build Azure/static-web-apps-deploy@v1	2025-10-04T16:46:51.5662487Z #3 DONE 0.0s
Build and Deploy Job	Build Azure/static-web-apps-deploy@v1	2025-10-04T16:46:51.5664592Z 
Build and Deploy Job	Build Azure/static-web-apps-deploy@v1	2025-10-04T16:46:51.5664846Z #4 [internal] load build context
Build and Deploy Job	Build Azure/static-web-apps-deploy@v1	2025-10-04T16:46:51.5665408Z #4 transferring context: 107B done
Build and Deploy Job	Build Azure/static-web-apps-deploy@v1	2025-10-04T16:46:51.5665914Z #4 DONE 0.0s
Build and Deploy Job	Build Azure/static-web-apps-deploy@v1	2025-10-04T16:46:51.5666185Z 
Build and Deploy Job	Build Azure/static-web-apps-deploy@v1	2025-10-04T16:46:51.5666907Z #5 [1/2] FROM mcr.microsoft.com/appsvc/staticappsclient:stable@sha256:3178a283e885dc45a0c7b4c6e9f728f0331ae7fb93de75db4181fa38651170f2
Build and Deploy Job	Build Azure/static-web-apps-deploy@v1	2025-10-04T16:46:51.5668547Z #5 resolve mcr.microsoft.com/appsvc/staticappsclient:stable@sha256:3178a283e885dc45a0c7b4c6e9f728f0331ae7fb93de75db4181fa38651170f2 done
Build and Deploy Job	Build Azure/static-web-apps-deploy@v1	2025-10-04T16:46:51.5669945Z #5 sha256:2377065f3b700cf1b5e391d26c572c8b91892dd44acd75deebdab5e403b23175 13.29MB / 15.56MB 0.1s
Build and Deploy Job	Build Azure/static-web-apps-deploy@v1	2025-10-04T16:46:51.5671116Z #5 sha256:5ee26b7a209f9a26720207792b237af3e19c0efeed8695e1e630fcd0feef9230 13.63MB / 54.75MB 0.1s
Build and Deploy Job	Build Azure/static-web-apps-deploy@v1	2025-10-04T16:46:51.6660822Z #5 sha256:2377065f3b700cf1b5e391d26c572c8b91892dd44acd75deebdab5e403b23175 15.56MB / 15.56MB 0.1s done
Build and Deploy Job	Build Azure/static-web-apps-deploy@v1	2025-10-04T16:46:51.6664119Z #5 sha256:5ee26b7a209f9a26720207792b237af3e19c0efeed8695e1e630fcd0feef9230 41.48MB / 54.75MB 0.2s
Build and Deploy Job	Build Azure/static-web-apps-deploy@v1	2025-10-04T16:46:51.6665342Z #5 sha256:1df8e0748f30e89b0c0477edfc706fc39242e1d6008433c0494113de267e7ca8 15.34kB / 15.34kB done
Build and Deploy Job	Build Azure/static-web-apps-deploy@v1	2025-10-04T16:46:51.6666969Z #5 sha256:5d6e107a26c2ffb6e234f04132358dea70a691a64c1152f984d2f2ba0e218c58 45.09MB / 53.74MB 0.2s
Build and Deploy Job	Build Azure/static-web-apps-deploy@v1	2025-10-04T16:46:51.6668075Z #5 sha256:3178a283e885dc45a0c7b4c6e9f728f0331ae7fb93de75db4181fa38651170f2 2.88kB / 2.88kB done
Build and Deploy Job	Build Azure/static-web-apps-deploy@v1	2025-10-04T16:46:51.6669220Z #5 sha256:41c7cd6fb37363fd1ec16dad3463ecc5820eda12c418a82b4849604252d29b88 18.79MB / 197.07MB 0.2s
Build and Deploy Job	Build Azure/static-web-apps-deploy@v1	2025-10-04T16:46:51.8669131Z #5 sha256:5ee26b7a209f9a26720207792b237af3e19c0efeed8695e1e630fcd0feef9230 54.75MB / 54.75MB 0.3s done
Build and Deploy Job	Build Azure/static-web-apps-deploy@v1	2025-10-04T16:46:51.8671633Z #5 sha256:5d6e107a26c2ffb6e234f04132358dea70a691a64c1152f984d2f2ba0e218c58 53.74MB / 53.74MB 0.3s done
Build and Deploy Job	Build Azure/static-web-apps-deploy@v1	2025-10-04T16:46:51.8674097Z #5 sha256:41c7cd6fb37363fd1ec16dad3463ecc5820eda12c418a82b4849604252d29b88 75.28MB / 197.07MB 0.4s
Build and Deploy Job	Build Azure/static-web-apps-deploy@v1	2025-10-04T16:46:51.8675365Z #5 extracting sha256:5d6e107a26c2ffb6e234f04132358dea70a691a64c1152f984d2f2ba0e218c58
Build and Deploy Job	Build Azure/static-web-apps-deploy@v1	2025-10-04T16:46:51.8676556Z #5 sha256:c279a6399750ee20e802fb2c47da034ccee5eb4f3b89087f32618f10e8af074a 1.56MB / 1.56MB 0.3s done
Build and Deploy Job	Build Azure/static-web-apps-deploy@v1	2025-10-04T16:46:51.8677721Z #5 sha256:aede74d79976f9d1be608a1286cdb2ca61aad25185440263691db6a0880adadd 24.46MB / 24.46MB 0.4s
Build and Deploy Job	Build Azure/static-web-apps-deploy@v1	2025-10-04T16:46:51.8678834Z #5 sha256:4f4fb700ef54461cfa02571ae0db9a0dc1e0cdb5577484a6d75e68dc38e8acc1 32B / 32B 0.3s done
Build and Deploy Job	Build Azure/static-web-apps-deploy@v1	2025-10-04T16:46:51.8679904Z #5 sha256:ec0af1da0a0576de654092a28624c0565c6d854216944f18159460338af43293 14.00MB / 72.99MB 0.4s
Build and Deploy Job	Build Azure/static-web-apps-deploy@v1	2025-10-04T16:46:51.9970640Z #5 sha256:41c7cd6fb37363fd1ec16dad3463ecc5820eda12c418a82b4849604252d29b88 101.71MB / 197.07MB 0.5s
Build and Deploy Job	Build Azure/static-web-apps-deploy@v1	2025-10-04T16:46:51.9972183Z #5 sha256:aede74d79976f9d1be608a1286cdb2ca61aad25185440263691db6a0880adadd 24.46MB / 24.46MB 0.4s done
Build and Deploy Job	Build Azure/static-web-apps-deploy@v1	2025-10-04T16:46:51.9973645Z #5 sha256:ec0af1da0a0576de654092a28624c0565c6d854216944f18159460338af43293 41.94MB / 72.99MB 0.5s
Build and Deploy Job	Build Azure/static-web-apps-deploy@v1	2025-10-04T16:46:51.9977107Z #5 sha256:cddc70a1cccef26d55fcf9242759c41404c305acea0b4c3a30961c99846a0a55 637.94kB / 637.94kB 0.5s done
Build and Deploy Job	Build Azure/static-web-apps-deploy@v1	2025-10-04T16:46:51.9980867Z #5 sha256:36312d7930e0666f8cfc7940823ac101235e873b7cbb8b20d9481fd404095767 0B / 35.20MB 0.5s
Build and Deploy Job	Build Azure/static-web-apps-deploy@v1	2025-10-04T16:46:51.9982670Z #5 sha256:351447e6e3829fac25a761f87d07dc5bfc289f38908901d05fa53aaab54dbdcd 115.52kB / 115.52kB 0.4s done
Build and Deploy Job	Build Azure/static-web-apps-deploy@v1	2025-10-04T16:46:51.9987484Z #5 sha256:eec8099d3f58ba87e25216a07db18b5a0de40b6921ee61ea8ab9b4c29b53a12f 1.16MB / 1.16MB 0.5s done
Build and Deploy Job	Build Azure/static-web-apps-deploy@v1	2025-10-04T16:46:52.0991878Z #5 sha256:41c7cd6fb37363fd1ec16dad3463ecc5820eda12c418a82b4849604252d29b88 122.68MB / 197.07MB 0.6s
Build and Deploy Job	Build Azure/static-web-apps-deploy@v1	2025-10-04T16:46:52.1001715Z #5 sha256:ec0af1da0a0576de654092a28624c0565c6d854216944f18159460338af43293 67.11MB / 72.99MB 0.6s
Build and Deploy Job	Build Azure/static-web-apps-deploy@v1	2025-10-04T16:46:52.1004526Z #5 sha256:36312d7930e0666f8cfc7940823ac101235e873b7cbb8b20d9481fd404095767 27.26MB / 35.20MB 0.6s
Build and Deploy Job	Build Azure/static-web-apps-deploy@v1	2025-10-04T16:46:52.2210536Z #5 sha256:41c7cd6fb37363fd1ec16dad3463ecc5820eda12c418a82b4849604252d29b88 152.04MB / 197.07MB 0.7s
Build and Deploy Job	Build Azure/static-web-apps-deploy@v1	2025-10-04T16:46:52.2219658Z #5 sha256:ec0af1da0a0576de654092a28624c0565c6d854216944f18159460338af43293 72.99MB / 72.99MB 0.7s done
Build and Deploy Job	Build Azure/static-web-apps-deploy@v1	2025-10-04T16:46:52.2220904Z #5 sha256:36312d7930e0666f8cfc7940823ac101235e873b7cbb8b20d9481fd404095767 35.20MB / 35.20MB 0.7s done
Build and Deploy Job	Build Azure/static-web-apps-deploy@v1	2025-10-04T16:46:52.2221890Z #5 sha256:8023cb51985fccd3faa4be6340cdc75b72240277850569aa974767dda5176159 168B / 168B 0.7s done
Build and Deploy Job	Build Azure/static-web-apps-deploy@v1	2025-10-04T16:46:52.2222984Z #5 sha256:4836a863d60df9ca0cedad0eb5e729c4a7f755449fbfbd6d4ea6443e64c990e0 0B / 118.65MB 0.7s
Build and Deploy Job	Build Azure/static-web-apps-deploy@v1	2025-10-04T16:46:52.2224011Z #5 sha256:4a1fde1690fe113870084a3224c66554fc9cbd2310abb9593b0244ec21f4b76d 168B / 168B 0.7s done
Build and Deploy Job	Build Azure/static-web-apps-deploy@v1	2025-10-04T16:46:52.3375681Z #5 sha256:41c7cd6fb37363fd1ec16dad3463ecc5820eda12c418a82b4849604252d29b88 180.36MB / 197.07MB 0.8s
Build and Deploy Job	Build Azure/static-web-apps-deploy@v1	2025-10-04T16:46:52.3376889Z #5 sha256:4836a863d60df9ca0cedad0eb5e729c4a7f755449fbfbd6d4ea6443e64c990e0 32.51MB / 118.65MB 0.8s
Build and Deploy Job	Build Azure/static-web-apps-deploy@v1	2025-10-04T16:46:52.4420680Z #5 sha256:41c7cd6fb37363fd1ec16dad3463ecc5820eda12c418a82b4849604252d29b88 197.07MB / 197.07MB 0.9s
Build and Deploy Job	Build Azure/static-web-apps-deploy@v1	2025-10-04T16:46:52.4425798Z #5 sha256:4836a863d60df9ca0cedad0eb5e729c4a7f755449fbfbd6d4ea6443e64c990e0 59.77MB / 118.65MB 0.9s
Build and Deploy Job	Build Azure/static-web-apps-deploy@v1	2025-10-04T16:46:52.5466758Z #5 sha256:4836a863d60df9ca0cedad0eb5e729c4a7f755449fbfbd6d4ea6443e64c990e0 88.08MB / 118.65MB 1.0s
Build and Deploy Job	Build Azure/static-web-apps-deploy@v1	2025-10-04T16:46:52.6656346Z #5 sha256:41c7cd6fb37363fd1ec16dad3463ecc5820eda12c418a82b4849604252d29b88 197.07MB / 197.07MB 1.1s done
Build and Deploy Job	Build Azure/static-web-apps-deploy@v1	2025-10-04T16:46:52.6658109Z #5 sha256:4836a863d60df9ca0cedad0eb5e729c4a7f755449fbfbd6d4ea6443e64c990e0 118.65MB / 118.65MB 1.2s
Build and Deploy Job	Build Azure/static-web-apps-deploy@v1	2025-10-04T16:46:52.8647399Z #5 sha256:4836a863d60df9ca0cedad0eb5e729c4a7f755449fbfbd6d4ea6443e64c990e0 118.65MB / 118.65MB 1.4s done
Build and Deploy Job	Build Azure/static-web-apps-deploy@v1	2025-10-04T16:46:54.0318355Z #5 extracting sha256:5d6e107a26c2ffb6e234f04132358dea70a691a64c1152f984d2f2ba0e218c58 2.3s done
Build and Deploy Job	Build Azure/static-web-apps-deploy@v1	2025-10-04T16:46:54.1592367Z #5 extracting sha256:2377065f3b700cf1b5e391d26c572c8b91892dd44acd75deebdab5e403b23175 0.1s
Build and Deploy Job	Build Azure/static-web-apps-deploy@v1	2025-10-04T16:46:54.5805531Z #5 extracting sha256:2377065f3b700cf1b5e391d26c572c8b91892dd44acd75deebdab5e403b23175 0.4s done
Build and Deploy Job	Build Azure/static-web-apps-deploy@v1	2025-10-04T16:46:54.6961738Z #5 extracting sha256:5ee26b7a209f9a26720207792b237af3e19c0efeed8695e1e630fcd0feef9230
Build and Deploy Job	Build Azure/static-web-apps-deploy@v1	2025-10-04T16:46:56.7326190Z #5 extracting sha256:5ee26b7a209f9a26720207792b237af3e19c0efeed8695e1e630fcd0feef9230 1.9s done
Build and Deploy Job	Build Azure/static-web-apps-deploy@v1	2025-10-04T16:46:56.8488927Z #5 extracting sha256:41c7cd6fb37363fd1ec16dad3463ecc5820eda12c418a82b4849604252d29b88
Build and Deploy Job	Build Azure/static-web-apps-deploy@v1	2025-10-04T16:47:01.5722205Z #5 extracting sha256:41c7cd6fb37363fd1ec16dad3463ecc5820eda12c418a82b4849604252d29b88 4.7s done
Build and Deploy Job	Build Azure/static-web-apps-deploy@v1	2025-10-04T16:47:02.6947389Z #5 extracting sha256:4f4fb700ef54461cfa02571ae0db9a0dc1e0cdb5577484a6d75e68dc38e8acc1
Build and Deploy Job	Build Azure/static-web-apps-deploy@v1	2025-10-04T16:47:02.8401370Z #5 extracting sha256:4f4fb700ef54461cfa02571ae0db9a0dc1e0cdb5577484a6d75e68dc38e8acc1 done
Build and Deploy Job	Build Azure/static-web-apps-deploy@v1	2025-10-04T16:47:02.8402508Z #5 extracting sha256:aede74d79976f9d1be608a1286cdb2ca61aad25185440263691db6a0880adadd 0.1s
Build and Deploy Job	Build Azure/static-web-apps-deploy@v1	2025-10-04T16:47:03.5856800Z #5 extracting sha256:aede74d79976f9d1be608a1286cdb2ca61aad25185440263691db6a0880adadd 0.7s done
Build and Deploy Job	Build Azure/static-web-apps-deploy@v1	2025-10-04T16:47:03.5857641Z #5 extracting sha256:c279a6399750ee20e802fb2c47da034ccee5eb4f3b89087f32618f10e8af074a 0.1s
Build and Deploy Job	Build Azure/static-web-apps-deploy@v1	2025-10-04T16:47:03.7184137Z #5 extracting sha256:c279a6399750ee20e802fb2c47da034ccee5eb4f3b89087f32618f10e8af074a 0.1s done
Build and Deploy Job	Build Azure/static-web-apps-deploy@v1	2025-10-04T16:47:03.7185491Z #5 extracting sha256:ec0af1da0a0576de654092a28624c0565c6d854216944f18159460338af43293 0.1s
Build and Deploy Job	Build Azure/static-web-apps-deploy@v1	2025-10-04T16:47:04.6943182Z #5 extracting sha256:ec0af1da0a0576de654092a28624c0565c6d854216944f18159460338af43293 0.9s done
Build and Deploy Job	Build Azure/static-web-apps-deploy@v1	2025-10-04T16:47:04.7333964Z #5 extracting sha256:351447e6e3829fac25a761f87d07dc5bfc289f38908901d05fa53aaab54dbdcd
Build and Deploy Job	Build Azure/static-web-apps-deploy@v1	2025-10-04T16:47:04.8364795Z #5 extracting sha256:351447e6e3829fac25a761f87d07dc5bfc289f38908901d05fa53aaab54dbdcd done
Build and Deploy Job	Build Azure/static-web-apps-deploy@v1	2025-10-04T16:47:04.8365893Z #5 extracting sha256:eec8099d3f58ba87e25216a07db18b5a0de40b6921ee61ea8ab9b4c29b53a12f 0.0s done
Build and Deploy Job	Build Azure/static-web-apps-deploy@v1	2025-10-04T16:47:05.0106719Z #5 extracting sha256:cddc70a1cccef26d55fcf9242759c41404c305acea0b4c3a30961c99846a0a55 0.0s done
Build and Deploy Job	Build Azure/static-web-apps-deploy@v1	2025-10-04T16:47:05.3404769Z #5 extracting sha256:36312d7930e0666f8cfc7940823ac101235e873b7cbb8b20d9481fd404095767 0.1s
Build and Deploy Job	Build Azure/static-web-apps-deploy@v1	2025-10-04T16:47:05.3406087Z #5 extracting sha256:36312d7930e0666f8cfc7940823ac101235e873b7cbb8b20d9481fd404095767 0.4s done
Build and Deploy Job	Build Azure/static-web-apps-deploy@v1	2025-10-04T16:47:05.3407734Z #5 extracting sha256:4a1fde1690fe113870084a3224c66554fc9cbd2310abb9593b0244ec21f4b76d
Build and Deploy Job	Build Azure/static-web-apps-deploy@v1	2025-10-04T16:47:05.4829696Z #5 extracting sha256:4a1fde1690fe113870084a3224c66554fc9cbd2310abb9593b0244ec21f4b76d done
Build and Deploy Job	Build Azure/static-web-apps-deploy@v1	2025-10-04T16:47:05.4831314Z #5 extracting sha256:8023cb51985fccd3faa4be6340cdc75b72240277850569aa974767dda5176159 done
Build and Deploy Job	Build Azure/static-web-apps-deploy@v1	2025-10-04T16:47:05.4832227Z #5 extracting sha256:4836a863d60df9ca0cedad0eb5e729c4a7f755449fbfbd6d4ea6443e64c990e0 0.1s
Build and Deploy Job	Build Azure/static-web-apps-deploy@v1	2025-10-04T16:47:08.7652797Z #5 extracting sha256:4836a863d60df9ca0cedad0eb5e729c4a7f755449fbfbd6d4ea6443e64c990e0 3.2s done
Build and Deploy Job	Build Azure/static-web-apps-deploy@v1	2025-10-04T16:47:09.2441034Z #5 DONE 17.8s
Build and Deploy Job	Build Azure/static-web-apps-deploy@v1	2025-10-04T16:47:09.4075773Z 
Build and Deploy Job	Build Azure/static-web-apps-deploy@v1	2025-10-04T16:47:09.4076341Z #6 [2/2] COPY entrypoint.sh /entrypoint.sh
Build and Deploy Job	Build Azure/static-web-apps-deploy@v1	2025-10-04T16:47:09.4076862Z #6 DONE 0.0s
Build and Deploy Job	Build Azure/static-web-apps-deploy@v1	2025-10-04T16:47:09.4077048Z 
Build and Deploy Job	Build Azure/static-web-apps-deploy@v1	2025-10-04T16:47:09.4077180Z #7 exporting to image
Build and Deploy Job	Build Azure/static-web-apps-deploy@v1	2025-10-04T16:47:09.4078890Z #7 exporting layers
Build and Deploy Job	Build Azure/static-web-apps-deploy@v1	2025-10-04T16:47:10.4788466Z #7 exporting layers 1.2s done
Build and Deploy Job	Build Azure/static-web-apps-deploy@v1	2025-10-04T16:47:10.5003463Z #7 writing image sha256:da013c552f9622cbd6487aebc1bc90ca390e2b2aa9681dd1d3b24f4c1195cdd2 done
Build and Deploy Job	Build Azure/static-web-apps-deploy@v1	2025-10-04T16:47:10.5005188Z #7 naming to docker.io/library/60b337:355ee83574944d89ac1243d1aca3355d done
Build and Deploy Job	Build Azure/static-web-apps-deploy@v1	2025-10-04T16:47:10.5005928Z #7 DONE 1.2s
Build and Deploy Job	Build Azure/static-web-apps-deploy@v1	2025-10-04T16:47:10.5053620Z ##[endgroup]
Build and Deploy Job	Run actions/checkout@v4	´╗┐2025-10-04T16:47:10.5323797Z ##[group]Run actions/checkout@v4
Build and Deploy Job	Run actions/checkout@v4	2025-10-04T16:47:10.5324423Z with:
Build and Deploy Job	Run actions/checkout@v4	2025-10-04T16:47:10.5324609Z   submodules: true
Build and Deploy Job	Run actions/checkout@v4	2025-10-04T16:47:10.5324790Z   lfs: false
Build and Deploy Job	Run actions/checkout@v4	2025-10-04T16:47:10.5324980Z   repository: Lalith-47/portfolio
Build and Deploy Job	Run actions/checkout@v4	2025-10-04T16:47:10.5325354Z   token: ***
Build and Deploy Job	Run actions/checkout@v4	2025-10-04T16:47:10.5325528Z   ssh-strict: true
Build and Deploy Job	Run actions/checkout@v4	2025-10-04T16:47:10.5325707Z   ssh-user: git
Build and Deploy Job	Run actions/checkout@v4	2025-10-04T16:47:10.5325886Z   persist-credentials: true
Build and Deploy Job	Run actions/checkout@v4	2025-10-04T16:47:10.5326090Z   clean: true
Build and Deploy Job	Run actions/checkout@v4	2025-10-04T16:47:10.5326282Z   sparse-checkout-cone-mode: true
Build and Deploy Job	Run actions/checkout@v4	2025-10-04T16:47:10.5326499Z   fetch-depth: 1
Build and Deploy Job	Run actions/checkout@v4	2025-10-04T16:47:10.5326684Z   fetch-tags: false
Build and Deploy Job	Run actions/checkout@v4	2025-10-04T16:47:10.5326864Z   show-progress: true
Build and Deploy Job	Run actions/checkout@v4	2025-10-04T16:47:10.5327060Z   set-safe-directory: true
Build and Deploy Job	Run actions/checkout@v4	2025-10-04T16:47:10.5327459Z ##[endgroup]
Build and Deploy Job	Run actions/checkout@v4	2025-10-04T16:47:10.6432811Z Syncing repository: Lalith-47/portfolio
Build and Deploy Job	Run actions/checkout@v4	2025-10-04T16:47:10.6435151Z ##[group]Getting Git version info
Build and Deploy Job	Run actions/checkout@v4	2025-10-04T16:47:10.6436140Z Working directory is '/home/runner/work/portfolio/portfolio'
Build and Deploy Job	Run actions/checkout@v4	2025-10-04T16:47:10.6437450Z [command]/usr/bin/git version
Build and Deploy Job	Run actions/checkout@v4	2025-10-04T16:47:10.6442329Z git version 2.51.0
Build and Deploy Job	Run actions/checkout@v4	2025-10-04T16:47:10.6468767Z ##[endgroup]
Build and Deploy Job	Run actions/checkout@v4	2025-10-04T16:47:10.6484395Z Temporarily overriding HOME='/home/runner/work/_temp/2a600e6b-4e2c-42be-8e91-5c75808af82e' before making global git config changes
Build and Deploy Job	Run actions/checkout@v4	2025-10-04T16:47:10.6485716Z Adding repository directory to the temporary git global config as a safe directory
Build and Deploy Job	Run actions/checkout@v4	2025-10-04T16:47:10.6498008Z [command]/usr/bin/git config --global --add safe.directory /home/runner/work/portfolio/portfolio
Build and Deploy Job	Run actions/checkout@v4	2025-10-04T16:47:10.6533865Z Deleting the contents of '/home/runner/work/portfolio/portfolio'
Build and Deploy Job	Run actions/checkout@v4	2025-10-04T16:47:10.6537599Z ##[group]Initializing the repository
Build and Deploy Job	Run actions/checkout@v4	2025-10-04T16:47:10.6542235Z [command]/usr/bin/git init /home/runner/work/portfolio/portfolio
Build and Deploy Job	Run actions/checkout@v4	2025-10-04T16:47:10.6646030Z hint: Using 'master' as the name for the initial branch. This default branch name
Build and Deploy Job	Run actions/checkout@v4	2025-10-04T16:47:10.6647123Z hint: is subject to change. To configure the initial branch name to use in all
Build and Deploy Job	Run actions/checkout@v4	2025-10-04T16:47:10.6647865Z hint: of your new repositories, which will suppress this warning, call:
Build and Deploy Job	Run actions/checkout@v4	2025-10-04T16:47:10.6648360Z hint:
Build and Deploy Job	Run actions/checkout@v4	2025-10-04T16:47:10.6648752Z hint: 	git config --global init.defaultBranch <name>
Build and Deploy Job	Run actions/checkout@v4	2025-10-04T16:47:10.6649194Z hint:
Build and Deploy Job	Run actions/checkout@v4	2025-10-04T16:47:10.6649695Z hint: Names commonly chosen instead of 'master' are 'main', 'trunk' and
Build and Deploy Job	Run actions/checkout@v4	2025-10-04T16:47:10.6650634Z hint: 'development'. The just-created branch can be renamed via this command:
Build and Deploy Job	Run actions/checkout@v4	2025-10-04T16:47:10.6651144Z hint:
Build and Deploy Job	Run actions/checkout@v4	2025-10-04T16:47:10.6651437Z hint: 	git branch -m <name>
Build and Deploy Job	Run actions/checkout@v4	2025-10-04T16:47:10.6651819Z hint:
Build and Deploy Job	Run actions/checkout@v4	2025-10-04T16:47:10.6652408Z hint: Disable this message with "git config set advice.defaultBranchName false"
Build and Deploy Job	Run actions/checkout@v4	2025-10-04T16:47:10.6653631Z Initialized empty Git repository in /home/runner/work/portfolio/portfolio/.git/
Build and Deploy Job	Run actions/checkout@v4	2025-10-04T16:47:10.6663442Z [command]/usr/bin/git remote add origin https://github.com/Lalith-47/portfolio
Build and Deploy Job	Run actions/checkout@v4	2025-10-04T16:47:10.6697473Z ##[endgroup]
Build and Deploy Job	Run actions/checkout@v4	2025-10-04T16:47:10.6698129Z ##[group]Disabling automatic garbage collection
Build and Deploy Job	Run actions/checkout@v4	2025-10-04T16:47:10.6702586Z [command]/usr/bin/git config --local gc.auto 0
Build and Deploy Job	Run actions/checkout@v4	2025-10-04T16:47:10.6730577Z ##[endgroup]
Build and Deploy Job	Run actions/checkout@v4	2025-10-04T16:47:10.6731168Z ##[group]Setting up auth
Build and Deploy Job	Run actions/checkout@v4	2025-10-04T16:47:10.6738408Z [command]/usr/bin/git config --local --name-only --get-regexp core\.sshCommand
Build and Deploy Job	Run actions/checkout@v4	2025-10-04T16:47:10.6768545Z [command]/usr/bin/git submodule foreach --recursive sh -c "git config --local --name-only --get-regexp 'core\.sshCommand' && git config --local --unset-all 'core.sshCommand' || :"
Build and Deploy Job	Run actions/checkout@v4	2025-10-04T16:47:10.7117548Z [command]/usr/bin/git config --local --name-only --get-regexp http\.https\:\/\/github\.com\/\.extraheader
Build and Deploy Job	Run actions/checkout@v4	2025-10-04T16:47:10.7149475Z [command]/usr/bin/git submodule foreach --recursive sh -c "git config --local --name-only --get-regexp 'http\.https\:\/\/github\.com\/\.extraheader' && git config --local --unset-all 'http.https://github.com/.extraheader' || :"
Build and Deploy Job	Run actions/checkout@v4	2025-10-04T16:47:10.7370375Z [command]/usr/bin/git config --local http.https://github.com/.extraheader AUTHORIZATION: basic ***
Build and Deploy Job	Run actions/checkout@v4	2025-10-04T16:47:10.7413194Z ##[endgroup]
Build and Deploy Job	Run actions/checkout@v4	2025-10-04T16:47:10.7414148Z ##[group]Fetching the repository
Build and Deploy Job	Run actions/checkout@v4	2025-10-04T16:47:10.7421525Z [command]/usr/bin/git -c protocol.version=2 fetch --no-tags --prune --no-recurse-submodules --depth=1 origin +d98d371fd6b1b831efe7d11d90ae5802d9e985e3:refs/remotes/origin/main
Build and Deploy Job	Run actions/checkout@v4	2025-10-04T16:47:11.2574361Z From https://github.com/Lalith-47/portfolio
Build and Deploy Job	Run actions/checkout@v4	2025-10-04T16:47:11.2576347Z  * [new ref]         d98d371fd6b1b831efe7d11d90ae5802d9e985e3 -> origin/main
Build and Deploy Job	Run actions/checkout@v4	2025-10-04T16:47:11.2848117Z ##[endgroup]
Build and Deploy Job	Run actions/checkout@v4	2025-10-04T16:47:11.2848967Z ##[group]Determining the checkout info
Build and Deploy Job	Run actions/checkout@v4	2025-10-04T16:47:11.2851778Z ##[endgroup]
Build and Deploy Job	Run actions/checkout@v4	2025-10-04T16:47:11.2857263Z [command]/usr/bin/git sparse-checkout disable
Build and Deploy Job	Run actions/checkout@v4	2025-10-04T16:47:11.2961800Z [command]/usr/bin/git config --local --unset-all extensions.worktreeConfig
Build and Deploy Job	Run actions/checkout@v4	2025-10-04T16:47:11.2989321Z ##[group]Checking out the ref
Build and Deploy Job	Run actions/checkout@v4	2025-10-04T16:47:11.2993645Z [command]/usr/bin/git checkout --progress --force -B main refs/remotes/origin/main
Build and Deploy Job	Run actions/checkout@v4	2025-10-04T16:47:11.3144683Z Switched to a new branch 'main'
Build and Deploy Job	Run actions/checkout@v4	2025-10-04T16:47:11.3147276Z branch 'main' set up to track 'origin/main'.
Build and Deploy Job	Run actions/checkout@v4	2025-10-04T16:47:11.3152592Z ##[endgroup]
Build and Deploy Job	Run actions/checkout@v4	2025-10-04T16:47:11.3153135Z ##[group]Setting up auth for fetching submodules
Build and Deploy Job	Run actions/checkout@v4	2025-10-04T16:47:11.3158026Z [command]/usr/bin/git config --global http.https://github.com/.extraheader AUTHORIZATION: basic ***
Build and Deploy Job	Run actions/checkout@v4	2025-10-04T16:47:11.3192644Z [command]/usr/bin/git config --global --unset-all url.https://github.com/.insteadOf
Build and Deploy Job	Run actions/checkout@v4	2025-10-04T16:47:11.3220055Z [command]/usr/bin/git config --global --add url.https://github.com/.insteadOf git@github.com:
Build and Deploy Job	Run actions/checkout@v4	2025-10-04T16:47:11.3248602Z [command]/usr/bin/git config --global --add url.https://github.com/.insteadOf org-192936770@github.com:
Build and Deploy Job	Run actions/checkout@v4	2025-10-04T16:47:11.3272674Z ##[endgroup]
Build and Deploy Job	Run actions/checkout@v4	2025-10-04T16:47:11.3273487Z ##[group]Fetching submodules
Build and Deploy Job	Run actions/checkout@v4	2025-10-04T16:47:11.3276715Z [command]/usr/bin/git submodule sync
Build and Deploy Job	Run actions/checkout@v4	2025-10-04T16:47:11.3540588Z [command]/usr/bin/git -c protocol.version=2 submodule update --init --force --depth=1
Build and Deploy Job	Run actions/checkout@v4	2025-10-04T16:47:11.3758730Z [command]/usr/bin/git submodule foreach git config --local gc.auto 0
Build and Deploy Job	Run actions/checkout@v4	2025-10-04T16:47:11.3974613Z ##[endgroup]
Build and Deploy Job	Run actions/checkout@v4	2025-10-04T16:47:11.3975043Z ##[group]Persisting credentials for submodules
Build and Deploy Job	Run actions/checkout@v4	2025-10-04T16:47:11.3980364Z [command]/usr/bin/git submodule foreach --recursive sh -c "git config --local --name-only --get-regexp 'url\.https\:\/\/github\.com\/\.insteadOf' && git config --local --unset-all 'url.https://github.com/.insteadOf' || :"
Build and Deploy Job	Run actions/checkout@v4	2025-10-04T16:47:11.4196326Z [command]/usr/bin/git submodule foreach sh -c "git config --local 'http.https://github.com/.extraheader' 'AUTHORIZATION: basic ***' && git config --local --show-origin --name-only --get-regexp remote.origin.url"
Build and Deploy Job	Run actions/checkout@v4	2025-10-04T16:47:11.4418048Z [command]/usr/bin/git submodule foreach git config --local --add 'url.https://github.com/.insteadOf' 'git@github.com:'
Build and Deploy Job	Run actions/checkout@v4	2025-10-04T16:47:11.4635641Z [command]/usr/bin/git submodule foreach git config --local --add 'url.https://github.com/.insteadOf' 'org-192936770@github.com:'
Build and Deploy Job	Run actions/checkout@v4	2025-10-04T16:47:11.4847960Z ##[endgroup]
Build and Deploy Job	Run actions/checkout@v4	2025-10-04T16:47:11.4884469Z [command]/usr/bin/git log -1 --format=%H
Build and Deploy Job	Run actions/checkout@v4	2025-10-04T16:47:11.4906351Z d98d371fd6b1b831efe7d11d90ae5802d9e985e3
Build and Deploy Job	Setup Node.js	´╗┐2025-10-04T16:47:11.5111652Z ##[group]Run actions/setup-node@v4
Build and Deploy Job	Setup Node.js	2025-10-04T16:47:11.5111926Z with:
Build and Deploy Job	Setup Node.js	2025-10-04T16:47:11.5112102Z   node-version: 18
Build and Deploy Job	Setup Node.js	2025-10-04T16:47:11.5112291Z   always-auth: false
Build and Deploy Job	Setup Node.js	2025-10-04T16:47:11.5176780Z   check-latest: false
Build and Deploy Job	Setup Node.js	2025-10-04T16:47:11.5177345Z   token: ***
Build and Deploy Job	Setup Node.js	2025-10-04T16:47:11.5177628Z ##[endgroup]
Build and Deploy Job	Setup Node.js	2025-10-04T16:47:11.7432335Z Found in cache @ /opt/hostedtoolcache/node/18.20.8/x64
Build and Deploy Job	Setup Node.js	2025-10-04T16:47:11.7438984Z ##[group]Environment details
Build and Deploy Job	Setup Node.js	2025-10-04T16:47:15.9192007Z node: v18.20.8
Build and Deploy Job	Setup Node.js	2025-10-04T16:47:15.9192471Z npm: 10.8.2
Build and Deploy Job	Setup Node.js	2025-10-04T16:47:15.9192797Z yarn: 1.22.22
Build and Deploy Job	Setup Node.js	2025-10-04T16:47:15.9194459Z ##[endgroup]
Build and Deploy Job	Install dependencies	´╗┐2025-10-04T16:47:15.9302299Z ##[group]Run npm install
Build and Deploy Job	Install dependencies	2025-10-04T16:47:15.9302601Z [36;1mnpm install[0m
Build and Deploy Job	Install dependencies	2025-10-04T16:47:15.9424182Z shell: /usr/bin/bash -e {0}
Build and Deploy Job	Install dependencies	2025-10-04T16:47:15.9424435Z ##[endgroup]
Build and Deploy Job	Install dependencies	2025-10-04T16:47:22.7238216Z npm warn deprecated rimraf@3.0.2: Rimraf versions prior to v4 are no longer supported
Build and Deploy Job	Install dependencies	2025-10-04T16:47:23.0229058Z npm warn deprecated tsparticles-shape-line@2.12.0: starting from tsparticles v3 the packages are now moved to @tsparticles/package-name instead of tsparticles-package-name
Build and Deploy Job	Install dependencies	2025-10-04T16:47:23.1017822Z npm warn deprecated tsparticles-shape-square@2.12.0: starting from tsparticles v3 the packages are now moved to @tsparticles/package-name instead of tsparticles-package-name
Build and Deploy Job	Install dependencies	2025-10-04T16:47:23.1021290Z npm warn deprecated tsparticles-move-parallax@2.12.0: starting from tsparticles v3 the packages are now moved to @tsparticles/package-name instead of tsparticles-package-name
Build and Deploy Job	Install dependencies	2025-10-04T16:47:23.1031865Z npm warn deprecated tsparticles-plugin-easing-quad@2.12.0: starting from tsparticles v3 the packages are now moved to @tsparticles/package-name instead of tsparticles-package-name
Build and Deploy Job	Install dependencies	2025-10-04T16:47:23.1536248Z npm warn deprecated tsparticles-interaction-particles-attract@2.12.0: starting from tsparticles v3 the packages are now moved to @tsparticles/package-name instead of tsparticles-package-name
Build and Deploy Job	Install dependencies	2025-10-04T16:47:23.1543347Z npm warn deprecated tsparticles-interaction-external-pause@2.12.0: starting from tsparticles v3 the packages are now moved to @tsparticles/package-name instead of tsparticles-package-name
Build and Deploy Job	Install dependencies	2025-10-04T16:47:23.3252794Z npm warn deprecated tsparticles-shape-text@2.12.0: starting from tsparticles v3 the packages are now moved to @tsparticles/package-name instead of tsparticles-package-name
Build and Deploy Job	Install dependencies	2025-10-04T16:47:23.3566083Z npm warn deprecated inflight@1.0.6: This module is not supported, and leaks memory. Do not use it. Check out lru-cache if you want a good and tested way to coalesce async requests by a key value, which is much more comprehensive and powerful.
Build and Deploy Job	Install dependencies	2025-10-04T16:47:23.3765114Z npm warn deprecated tsparticles-shape-circle@2.12.0: starting from tsparticles v3 the packages are now moved to @tsparticles/package-name instead of tsparticles-package-name
Build and Deploy Job	Install dependencies	2025-10-04T16:47:23.4204807Z npm warn deprecated tsparticles-shape-star@2.12.0: starting from tsparticles v3 the packages are now moved to @tsparticles/package-name instead of tsparticles-package-name
Build and Deploy Job	Install dependencies	2025-10-04T16:47:23.4954512Z npm warn deprecated tsparticles-move-base@2.12.0: starting from tsparticles v3 the packages are now moved to @tsparticles/package-name instead of tsparticles-package-name
Build and Deploy Job	Install dependencies	2025-10-04T16:47:23.5259745Z npm warn deprecated glob@7.1.7: Glob versions prior to v9 are no longer supported
Build and Deploy Job	Install dependencies	2025-10-04T16:47:23.6014303Z npm warn deprecated tsparticles-updater-size@2.12.0: starting from tsparticles v3 the packages are now moved to @tsparticles/package-name instead of tsparticles-package-name
Build and Deploy Job	Install dependencies	2025-10-04T16:47:23.6399459Z npm warn deprecated tsparticles-shape-polygon@2.12.0: starting from tsparticles v3 the packages are now moved to @tsparticles/package-name instead of tsparticles-package-name
Build and Deploy Job	Install dependencies	2025-10-04T16:47:23.6650320Z npm warn deprecated tsparticles-interaction-particles-collisions@2.12.0: starting from tsparticles v3 the packages are now moved to @tsparticles/package-name instead of tsparticles-package-name
Build and Deploy Job	Install dependencies	2025-10-04T16:47:23.6843244Z npm warn deprecated tsparticles-updater-stroke-color@2.12.0: starting from tsparticles v3 the packages are now moved to @tsparticles/package-name instead of tsparticles-package-name
Build and Deploy Job	Install dependencies	2025-10-04T16:47:23.7299670Z npm warn deprecated tsparticles-updater-opacity@2.12.0: starting from tsparticles v3 the packages are now moved to @tsparticles/package-name instead of tsparticles-package-name
Build and Deploy Job	Install dependencies	2025-10-04T16:47:23.7564043Z npm warn deprecated tsparticles-updater-color@2.12.0: starting from tsparticles v3 the packages are now moved to @tsparticles/package-name instead of tsparticles-package-name
Build and Deploy Job	Install dependencies	2025-10-04T16:47:23.9009815Z npm warn deprecated tsparticles-basic@2.12.0: starting from tsparticles v3 the packages are now moved to @tsparticles/package-name instead of tsparticles-package-name
Build and Deploy Job	Install dependencies	2025-10-04T16:47:24.0827534Z npm warn deprecated react-tsparticles@2.12.2: @tsparticles/react is the new version, please use that
Build and Deploy Job	Install dependencies	2025-10-04T16:47:24.1484410Z npm warn deprecated tsparticles-slim@2.12.0: starting from tsparticles v3 the packages are now moved to @tsparticles/package-name instead of tsparticles-package-name
Build and Deploy Job	Install dependencies	2025-10-04T16:47:24.1494924Z npm warn deprecated tsparticles-interaction-external-push@2.12.0: starting from tsparticles v3 the packages are now moved to @tsparticles/package-name instead of tsparticles-package-name
Build and Deploy Job	Install dependencies	2025-10-04T16:47:24.1501231Z npm warn deprecated tsparticles-interaction-external-remove@2.12.0: starting from tsparticles v3 the packages are now moved to @tsparticles/package-name instead of tsparticles-package-name
Build and Deploy Job	Install dependencies	2025-10-04T16:47:24.1898928Z npm warn deprecated @humanwhocodes/object-schema@2.0.3: Use @eslint/object-schema instead
Build and Deploy Job	Install dependencies	2025-10-04T16:47:24.2308524Z npm warn deprecated tsparticles-interaction-external-slow@2.12.0: starting from tsparticles v3 the packages are now moved to @tsparticles/package-name instead of tsparticles-package-name
Build and Deploy Job	Install dependencies	2025-10-04T16:47:24.2556925Z npm warn deprecated @humanwhocodes/config-array@0.13.0: Use @eslint/config-array instead
Build and Deploy Job	Install dependencies	2025-10-04T16:47:24.3020633Z npm warn deprecated tsparticles-interaction-external-trail@2.12.0: starting from tsparticles v3 the packages are now moved to @tsparticles/package-name instead of tsparticles-package-name
Build and Deploy Job	Install dependencies	2025-10-04T16:47:24.3485197Z npm warn deprecated tsparticles-particles.js@2.12.0: starting from tsparticles v3 the packages are now moved to @tsparticles/package-name instead of tsparticles-package-name
Build and Deploy Job	Install dependencies	2025-10-04T16:47:24.3617561Z npm warn deprecated tsparticles@2.12.0: tsParticles v3 is out, it contains breaking changes and it's recommended to migrate to that version with fixes and new features
Build and Deploy Job	Install dependencies	2025-10-04T16:47:24.4271836Z npm warn deprecated tsparticles-interaction-external-bounce@2.12.0: starting from tsparticles v3 the packages are now moved to @tsparticles/package-name instead of tsparticles-package-name
Build and Deploy Job	Install dependencies	2025-10-04T16:47:24.4792039Z npm warn deprecated tsparticles-interaction-external-attract@2.12.0: starting from tsparticles v3 the packages are now moved to @tsparticles/package-name instead of tsparticles-package-name
Build and Deploy Job	Install dependencies	2025-10-04T16:47:24.4870457Z npm warn deprecated tsparticles-updater-out-modes@2.12.0: starting from tsparticles v3 the packages are now moved to @tsparticles/package-name instead of tsparticles-package-name
Build and Deploy Job	Install dependencies	2025-10-04T16:47:24.5070367Z npm warn deprecated tsparticles-updater-rotate@2.12.0: starting from tsparticles v3 the packages are now moved to @tsparticles/package-name instead of tsparticles-package-name
Build and Deploy Job	Install dependencies	2025-10-04T16:47:24.5435880Z npm warn deprecated tsparticles-updater-twinkle@2.12.0: starting from tsparticles v3 the packages are now moved to @tsparticles/package-name instead of tsparticles-package-name
Build and Deploy Job	Install dependencies	2025-10-04T16:47:24.5618958Z npm warn deprecated tsparticles-updater-wobble@2.12.0: starting from tsparticles v3 the packages are now moved to @tsparticles/package-name instead of tsparticles-package-name
Build and Deploy Job	Install dependencies	2025-10-04T16:47:24.5628802Z npm warn deprecated tsparticles-interaction-external-grab@2.12.0: starting from tsparticles v3 the packages are now moved to @tsparticles/package-name instead of tsparticles-package-name
Build and Deploy Job	Install dependencies	2025-10-04T16:47:24.5631280Z npm warn deprecated tsparticles-interaction-external-connect@2.12.0: starting from tsparticles v3 the packages are now moved to @tsparticles/package-name instead of tsparticles-package-name
Build and Deploy Job	Install dependencies	2025-10-04T16:47:24.5723033Z npm warn deprecated tsparticles-interaction-external-repulse@2.12.0: starting from tsparticles v3 the packages are now moved to @tsparticles/package-name instead of tsparticles-package-name
Build and Deploy Job	Install dependencies	2025-10-04T16:47:24.5876411Z npm warn deprecated tsparticles-updater-tilt@2.12.0: starting from tsparticles v3 the packages are now moved to @tsparticles/package-name instead of tsparticles-package-name
Build and Deploy Job	Install dependencies	2025-10-04T16:47:24.6628759Z npm warn deprecated tsparticles-updater-life@2.12.0: starting from tsparticles v3 the packages are now moved to @tsparticles/package-name instead of tsparticles-package-name
Build and Deploy Job	Install dependencies	2025-10-04T16:47:24.7012231Z npm warn deprecated tsparticles-interaction-external-bubble@2.12.0: starting from tsparticles v3 the packages are now moved to @tsparticles/package-name instead of tsparticles-package-name
Build and Deploy Job	Install dependencies	2025-10-04T16:47:24.7014989Z npm warn deprecated tsparticles-updater-roll@2.12.0: starting from tsparticles v3 the packages are now moved to @tsparticles/package-name instead of tsparticles-package-name
Build and Deploy Job	Install dependencies	2025-10-04T16:47:24.7123049Z npm warn deprecated tsparticles-interaction-particles-links@2.12.0: starting from tsparticles v3 the packages are now moved to @tsparticles/package-name instead of tsparticles-package-name
Build and Deploy Job	Install dependencies	2025-10-04T16:47:24.7530558Z npm warn deprecated tsparticles-plugin-absorbers@2.12.0: starting from tsparticles v3 the packages are now moved to @tsparticles/package-name instead of tsparticles-package-name
Build and Deploy Job	Install dependencies	2025-10-04T16:47:24.8346179Z npm warn deprecated tsparticles-updater-destroy@2.12.0: starting from tsparticles v3 the packages are now moved to @tsparticles/package-name instead of tsparticles-package-name
Build and Deploy Job	Install dependencies	2025-10-04T16:47:24.9612025Z npm warn deprecated tsparticles-shape-image@2.12.0: starting from tsparticles v3 the packages are now moved to @tsparticles/package-name instead of tsparticles-package-name
Build and Deploy Job	Install dependencies	2025-10-04T16:47:25.0109826Z npm warn deprecated tsparticles-plugin-emitters@2.12.0: starting from tsparticles v3 the packages are now moved to @tsparticles/package-name instead of tsparticles-package-name
Build and Deploy Job	Install dependencies	2025-10-04T16:47:25.7508178Z npm warn deprecated eslint@8.57.1: This version is no longer supported. Please see https://eslint.org/version-support for other options.
Build and Deploy Job	Install dependencies	2025-10-04T16:47:26.5909350Z npm warn deprecated tsparticles-engine@2.12.0: starting from tsparticles v3 the packages are now moved to @tsparticles/package-name instead of tsparticles-package-name
Build and Deploy Job	Install dependencies	2025-10-04T16:47:31.2946960Z 
Build and Deploy Job	Install dependencies	2025-10-04T16:47:31.2949581Z added 435 packages, and audited 436 packages in 15s
Build and Deploy Job	Install dependencies	2025-10-04T16:47:31.2950103Z 
Build and Deploy Job	Install dependencies	2025-10-04T16:47:31.2950371Z 156 packages are looking for funding
Build and Deploy Job	Install dependencies	2025-10-04T16:47:31.2950890Z   run `npm fund` for details
Build and Deploy Job	Install dependencies	2025-10-04T16:47:31.2959823Z 
Build and Deploy Job	Install dependencies	2025-10-04T16:47:31.2960294Z found 0 vulnerabilities
Build and Deploy Job	Run linting	´╗┐2025-10-04T16:47:31.3302471Z ##[group]Run npm run lint
Build and Deploy Job	Run linting	2025-10-04T16:47:31.3302759Z [36;1mnpm run lint[0m
Build and Deploy Job	Run linting	2025-10-04T16:47:31.3338119Z shell: /usr/bin/bash -e {0}
Build and Deploy Job	Run linting	2025-10-04T16:47:31.3338347Z ##[endgroup]
Build and Deploy Job	Run linting	2025-10-04T16:47:31.4619631Z 
Build and Deploy Job	Run linting	2025-10-04T16:47:31.4620072Z > lalith-portfolio@1.0.0 lint
Build and Deploy Job	Run linting	2025-10-04T16:47:31.4620491Z > next lint
Build and Deploy Job	Run linting	2025-10-04T16:47:31.4620673Z 
Build and Deploy Job	Run linting	2025-10-04T16:47:33.2241812Z Attention: Next.js now collects completely anonymous telemetry regarding usage.
Build and Deploy Job	Run linting	2025-10-04T16:47:33.2245262Z This information is used to shape Next.js' roadmap and prioritize features.
Build and Deploy Job	Run linting	2025-10-04T16:47:33.2247099Z You can learn more, including how to opt-out if you'd not like to participate in this anonymous program, by visiting the following URL:
Build and Deploy Job	Run linting	2025-10-04T16:47:33.2248389Z https://nextjs.org/telemetry
Build and Deploy Job	Run linting	2025-10-04T16:47:33.2248739Z 
Build and Deploy Job	Run linting	2025-10-04T16:47:33.3650987Z Ô£ö No ESLint warnings or errors
Build and Deploy Job	Build Next.js app	´╗┐2025-10-04T16:47:33.4509318Z ##[group]Run npm run build
Build and Deploy Job	Build Next.js app	2025-10-04T16:47:33.4509609Z [36;1mnpm run build[0m
Build and Deploy Job	Build Next.js app	2025-10-04T16:47:33.4543055Z shell: /usr/bin/bash -e {0}
Build and Deploy Job	Build Next.js app	2025-10-04T16:47:33.4543297Z env:
Build and Deploy Job	Build Next.js app	2025-10-04T16:47:33.4543473Z   NODE_ENV: production
Build and Deploy Job	Build Next.js app	2025-10-04T16:47:33.4543693Z   NEXT_TELEMETRY_DISABLED: 1
Build and Deploy Job	Build Next.js app	2025-10-04T16:47:33.4543906Z ##[endgroup]
Build and Deploy Job	Build Next.js app	2025-10-04T16:47:33.5812727Z 
Build and Deploy Job	Build Next.js app	2025-10-04T16:47:33.5813378Z > lalith-portfolio@1.0.0 build
Build and Deploy Job	Build Next.js app	2025-10-04T16:47:33.5813934Z > next build
Build and Deploy Job	Build Next.js app	2025-10-04T16:47:33.5814162Z 
Build and Deploy Job	Build Next.js app	2025-10-04T16:47:34.1659994Z   Ôû▓ Next.js 14.2.33
Build and Deploy Job	Build Next.js app	2025-10-04T16:47:34.1663766Z 
Build and Deploy Job	Build Next.js app	2025-10-04T16:47:34.1668304Z    Linting and checking validity of types ...
Build and Deploy Job	Build Next.js app	2025-10-04T16:47:37.7267149Z    Creating an optimized production build ...
Build and Deploy Job	Build Next.js app	2025-10-04T16:47:49.7821144Z  Ô£ô Compiled successfully
Build and Deploy Job	Build Next.js app	2025-10-04T16:47:49.7826597Z    Collecting page data ...
Build and Deploy Job	Build Next.js app	2025-10-04T16:47:50.5551189Z    Generating static pages (0/3) ...
Build and Deploy Job	Build Next.js app	2025-10-04T16:47:50.7749977Z  Ô£ô Generating static pages (3/3)
Build and Deploy Job	Build Next.js app	2025-10-04T16:47:50.9492428Z    Finalizing page optimization ...
Build and Deploy Job	Build Next.js app	2025-10-04T16:47:50.9495026Z    Collecting build traces ...
Build and Deploy Job	Build Next.js app	2025-10-04T16:47:57.5910787Z 
Build and Deploy Job	Build Next.js app	2025-10-04T16:47:57.6022739Z Route (pages)                              Size     First Load JS
Build and Deploy Job	Build Next.js app	2025-10-04T16:47:57.6024112Z Ôöî Ôùï /                                      1.34 kB         143 kB
Build and Deploy Job	Build Next.js app	2025-10-04T16:47:57.6024916Z Ôö£   /_app                                  0 B             142 kB
Build and Deploy Job	Build Next.js app	2025-10-04T16:47:57.6025714Z Ôö£ Ôùï /404                                   1.5 kB          146 kB
Build and Deploy Job	Build Next.js app	2025-10-04T16:47:57.6026418Z Ôöö Ôùï /500                                   1.58 kB         146 kB
Build and Deploy Job	Build Next.js app	2025-10-04T16:47:57.6026978Z + First Load JS shared by all              147 kB
Build and Deploy Job	Build Next.js app	2025-10-04T16:47:57.6027639Z   Ôö£ chunks/framework-64ad27b21261a9ce.js   44.8 kB
Build and Deploy Job	Build Next.js app	2025-10-04T16:47:57.6028283Z   Ôö£ chunks/main-bec63c43e6b8f591.js        34.1 kB
Build and Deploy Job	Build Next.js app	2025-10-04T16:47:57.6028972Z   Ôö£ chunks/pages/_app-e7eafc0dea11828d.js  61.2 kB
Build and Deploy Job	Build Next.js app	2025-10-04T16:47:57.6029750Z   Ôöö other shared chunks (total)            7.23 kB
Build and Deploy Job	Build Next.js app	2025-10-04T16:47:57.6030133Z 
Build and Deploy Job	Build Next.js app	2025-10-04T16:47:57.6030518Z Ôùï  (Static)  prerendered as static content
Build and Deploy Job	Build Next.js app	2025-10-04T16:47:57.6030870Z 
Build and Deploy Job	Verify build output	´╗┐2025-10-04T16:47:57.6456392Z ##[group]Run echo "Checking if 'out' directory exists..."
Build and Deploy Job	Verify build output	2025-10-04T16:47:57.6457127Z [36;1mecho "Checking if 'out' directory exists..."[0m
Build and Deploy Job	Verify build output	2025-10-04T16:47:57.6457626Z [36;1mls -la[0m
Build and Deploy Job	Verify build output	2025-10-04T16:47:57.6457953Z [36;1mif [ -d "out" ]; then[0m
Build and Deploy Job	Verify build output	2025-10-04T16:47:57.6458373Z [36;1m  echo "Ô£à 'out' directory found!"[0m
Build and Deploy Job	Verify build output	2025-10-04T16:47:57.6458859Z [36;1m  echo "Contents of 'out' directory:"[0m
Build and Deploy Job	Verify build output	2025-10-04T16:47:57.6459307Z [36;1m  ls -la out/[0m
Build and Deploy Job	Verify build output	2025-10-04T16:47:57.6459708Z [36;1m  echo "Checking for index.html..."[0m
Build and Deploy Job	Verify build output	2025-10-04T16:47:57.6460190Z [36;1m  if [ -f "out/index.html" ]; then[0m
Build and Deploy Job	Verify build output	2025-10-04T16:47:57.6460691Z [36;1m    echo "Ô£à index.html found in out/ directory!"[0m
Build and Deploy Job	Verify build output	2025-10-04T16:47:57.6461162Z [36;1m  else[0m
Build and Deploy Job	Verify build output	2025-10-04T16:47:57.6461600Z [36;1m    echo "ÔØî index.html NOT found in out/ directory!"[0m
Build and Deploy Job	Verify build output	2025-10-04T16:47:57.6462088Z [36;1m    exit 1[0m
Build and Deploy Job	Verify build output	2025-10-04T16:47:57.6462396Z [36;1m  fi[0m
Build and Deploy Job	Verify build output	2025-10-04T16:47:57.6462683Z [36;1melse[0m
Build and Deploy Job	Verify build output	2025-10-04T16:47:57.6463312Z [36;1m  echo "ÔØî 'out' directory NOT found!"[0m
Build and Deploy Job	Verify build output	2025-10-04T16:47:57.6463819Z [36;1m  exit 1[0m
Build and Deploy Job	Verify build output	2025-10-04T16:47:57.6464128Z [36;1mfi[0m
Build and Deploy Job	Verify build output	2025-10-04T16:47:57.6512611Z shell: /usr/bin/bash -e {0}
Build and Deploy Job	Verify build output	2025-10-04T16:47:57.6513279Z ##[endgroup]
Build and Deploy Job	Verify build output	2025-10-04T16:47:57.6581644Z Checking if 'out' directory exists...
Build and Deploy Job	Verify build output	2025-10-04T16:47:57.6597455Z total 512
Build and Deploy Job	Verify build output	2025-10-04T16:47:57.6598031Z drwxr-xr-x   9 runner runner   4096 Oct  4 16:47 .
Build and Deploy Job	Verify build output	2025-10-04T16:47:57.6598702Z drwxr-xr-x   3 runner runner   4096 Oct  4 16:46 ..
Build and Deploy Job	Verify build output	2025-10-04T16:47:57.6599421Z -rw-r--r--   1 runner runner    139 Oct  4 16:47 .eslintrc.json
Build and Deploy Job	Verify build output	2025-10-04T16:47:57.6600137Z drwxr-xr-x   7 runner runner   4096 Oct  4 16:47 .git
Build and Deploy Job	Verify build output	2025-10-04T16:47:57.6600834Z drwxr-xr-x   3 runner runner   4096 Oct  4 16:47 .github
Build and Deploy Job	Verify build output	2025-10-04T16:47:57.6601559Z -rw-r--r--   1 runner runner    332 Oct  4 16:47 .gitignore
Build and Deploy Job	Verify build output	2025-10-04T16:47:57.6602259Z drwxr-xr-x   5 runner runner   4096 Oct  4 16:47 .next
Build and Deploy Job	Verify build output	2025-10-04T16:47:57.6602761Z -rw-r--r--   1 runner runner  23155 Oct  4 16:47 AUDIT_REPORT.md
Build and Deploy Job	Verify build output	2025-10-04T16:47:57.6603522Z -rw-r--r--   1 runner runner   9439 Oct  4 16:47 AZURE_DEPLOYMENT_FIX.md
Build and Deploy Job	Verify build output	2025-10-04T16:47:57.6604006Z -rw-r--r--   1 runner runner   7231 Oct  4 16:47 AZURE_TOKEN_FIX_GUIDE.md
Build and Deploy Job	Verify build output	2025-10-04T16:47:57.6604471Z -rw-r--r--   1 runner runner   8124 Oct  4 16:47 BUILD_FIX_SUMMARY.md
Build and Deploy Job	Verify build output	2025-10-04T16:47:57.6604958Z -rw-r--r--   1 runner runner  15175 Oct  4 16:47 COMPREHENSIVE_AUDIT_REPORT.md
Build and Deploy Job	Verify build output	2025-10-04T16:47:57.6605444Z -rw-r--r--   1 runner runner  10910 Oct  4 16:47 DEPLOYMENT_CHECKLIST.md
Build and Deploy Job	Verify build output	2025-10-04T16:47:57.6605920Z -rw-r--r--   1 runner runner   2125 Oct  4 16:47 FINAL_FIX_INSTRUCTIONS.md
Build and Deploy Job	Verify build output	2025-10-04T16:47:57.6606421Z -rw-r--r--   1 runner runner  17981 Oct  4 16:47 FINAL_IMPROVEMENTS_SUMMARY.md
Build and Deploy Job	Verify build output	2025-10-04T16:47:57.6606916Z -rw-r--r--   1 runner runner  15494 Oct  4 16:47 FUTURE_PROOF_ARCHITECTURE.md
Build and Deploy Job	Verify build output	2025-10-04T16:47:57.6607644Z -rw-r--r--   1 runner runner   1063 Oct  4 16:47 LICENSE
Build and Deploy Job	Verify build output	2025-10-04T16:47:57.6608041Z -rw-r--r--   1 runner runner   2231 Oct  4 16:47 QUICK_START.md
Build and Deploy Job	Verify build output	2025-10-04T16:47:57.6608443Z -rw-r--r--   1 runner runner   6356 Oct  4 16:47 README.md
Build and Deploy Job	Verify build output	2025-10-04T16:47:57.6608907Z -rw-r--r--   1 runner runner  13624 Oct  4 16:47 RESPONSIVE_OPTIMIZATION_REPORT.md
Build and Deploy Job	Verify build output	2025-10-04T16:47:57.6609364Z -rw-r--r--   1 runner runner  10674 Oct  4 16:47 SETUP_GUIDE.md
Build and Deploy Job	Verify build output	2025-10-04T16:47:57.6609765Z -rw-r--r--   1 runner runner  11939 Oct  4 16:47 TESTING_GUIDE.md
Build and Deploy Job	Verify build output	2025-10-04T16:47:57.6610161Z -rw-r--r--   1 runner runner    230 Oct  4 16:47 next-env.d.ts
Build and Deploy Job	Verify build output	2025-10-04T16:47:57.6610553Z -rw-r--r--   1 runner runner    488 Oct  4 16:47 next.config.js
Build and Deploy Job	Verify build output	2025-10-04T16:47:57.6610950Z drwxr-xr-x 390 runner runner  20480 Oct  4 16:47 node_modules
Build and Deploy Job	Verify build output	2025-10-04T16:47:57.6611324Z drwxr-xr-x   5 runner runner   4096 Oct  4 16:47 out
Build and Deploy Job	Verify build output	2025-10-04T16:47:57.6611720Z -rw-r--r--   1 runner runner 243494 Oct  4 16:47 package-lock.json
Build and Deploy Job	Verify build output	2025-10-04T16:47:57.6612129Z -rw-r--r--   1 runner runner   1322 Oct  4 16:47 package.json
Build and Deploy Job	Verify build output	2025-10-04T16:47:57.6612537Z -rw-r--r--   1 runner runner     83 Oct  4 16:47 postcss.config.js
Build and Deploy Job	Verify build output	2025-10-04T16:47:57.6613322Z drwxr-xr-x   2 runner runner   4096 Oct  4 16:47 public
Build and Deploy Job	Verify build output	2025-10-04T16:47:57.6613695Z drwxr-xr-x   6 runner runner   4096 Oct  4 16:47 src
Build and Deploy Job	Verify build output	2025-10-04T16:47:57.6614097Z -rw-r--r--   1 runner runner   8338 Oct  4 16:47 tailwind.config.js
Build and Deploy Job	Verify build output	2025-10-04T16:47:57.6614528Z -rw-r--r--   1 runner runner    616 Oct  4 16:47 tsconfig.json
Build and Deploy Job	Verify build output	2025-10-04T16:47:57.6615047Z Ô£à 'out' directory found!
Build and Deploy Job	Verify build output	2025-10-04T16:47:57.6615287Z Contents of 'out' directory:
Build and Deploy Job	Verify build output	2025-10-04T16:47:57.6619475Z total 176
Build and Deploy Job	Verify build output	2025-10-04T16:47:57.6619940Z drwxr-xr-x 5 runner runner  4096 Oct  4 16:47 .
Build and Deploy Job	Verify build output	2025-10-04T16:47:57.6620546Z drwxr-xr-x 9 runner runner  4096 Oct  4 16:47 ..
Build and Deploy Job	Verify build output	2025-10-04T16:47:57.6621186Z drwxr-xr-x 2 runner runner  4096 Oct  4 16:47 404
Build and Deploy Job	Verify build output	2025-10-04T16:47:57.6621861Z -rw-r--r-- 1 runner runner 58676 Oct  4 16:47 404.html
Build and Deploy Job	Verify build output	2025-10-04T16:47:57.6622531Z drwxr-xr-x 2 runner runner  4096 Oct  4 16:47 500
Build and Deploy Job	Verify build output	2025-10-04T16:47:57.6623415Z -rw-r--r-- 1 runner runner  2819 Oct  4 16:47 ICONS_README.txt
Build and Deploy Job	Verify build output	2025-10-04T16:47:57.6624097Z drwxr-xr-x 4 runner runner  4096 Oct  4 16:47 _next
Build and Deploy Job	Verify build output	2025-10-04T16:47:57.6624727Z -rw-r--r-- 1 runner runner   144 Oct  4 16:47 favicon.ico
Build and Deploy Job	Verify build output	2025-10-04T16:47:57.6625336Z -rw-r--r-- 1 runner runner 58983 Oct  4 16:47 index.html
Build and Deploy Job	Verify build output	2025-10-04T16:47:57.6625927Z -rw-r--r-- 1 runner runner  1005 Oct  4 16:47 manifest.json
Build and Deploy Job	Verify build output	2025-10-04T16:47:57.6626333Z -rw-r--r-- 1 runner runner   202 Oct  4 16:47 og-image.png
Build and Deploy Job	Verify build output	2025-10-04T16:47:57.6626767Z -rw-r--r-- 1 runner runner   739 Oct  4 16:47 resume-placeholder.txt
Build and Deploy Job	Verify build output	2025-10-04T16:47:57.6627192Z -rw-r--r-- 1 runner runner   153 Oct  4 16:47 resume.pdf
Build and Deploy Job	Verify build output	2025-10-04T16:47:57.6627554Z -rw-r--r-- 1 runner runner   316 Oct  4 16:47 robots.txt
Build and Deploy Job	Verify build output	2025-10-04T16:47:57.6627906Z -rw-r--r-- 1 runner runner  1377 Oct  4 16:47 sitemap.xml
Build and Deploy Job	Verify build output	2025-10-04T16:47:57.6628340Z -rw-r--r-- 1 runner runner  1329 Oct  4 16:47 staticwebapp.config.json
Build and Deploy Job	Verify build output	2025-10-04T16:47:57.6628684Z Checking for index.html...
Build and Deploy Job	Verify build output	2025-10-04T16:47:57.6629049Z Ô£à index.html found in out/ directory!
Build and Deploy Job	Build And Deploy	´╗┐2025-10-04T16:47:57.6674949Z ##[group]Run Azure/static-web-apps-deploy@v1
Build and Deploy Job	Build And Deploy	2025-10-04T16:47:57.6675230Z with:
Build and Deploy Job	Build And Deploy	2025-10-04T16:47:57.6675914Z   azure_static_web_apps_api_token: ***
Build and Deploy Job	Build And Deploy	2025-10-04T16:47:57.6676277Z   repo_token: ***
Build and Deploy Job	Build And Deploy	2025-10-04T16:47:57.6676465Z   action: upload
Build and Deploy Job	Build And Deploy	2025-10-04T16:47:57.6676637Z   app_location: out
Build and Deploy Job	Build And Deploy	2025-10-04T16:47:57.6676820Z   skip_app_build: true
Build and Deploy Job	Build And Deploy	2025-10-04T16:47:57.6676997Z ##[endgroup]
Build and Deploy Job	Build And Deploy	2025-10-04T16:47:57.6774357Z ##[command]/usr/bin/docker run --name b337355ee83574944d89ac1243d1aca3355d_8dba23 --label 60b337 --workdir /github/workspace --rm -e "INPUT_AZURE_STATIC_WEB_APPS_API_TOKEN" -e "INPUT_REPO_TOKEN" -e "INPUT_ACTION" -e "INPUT_APP_LOCATION" -e "INPUT_API_LOCATION" -e "INPUT_OUTPUT_LOCATION" -e "INPUT_SKIP_APP_BUILD" -e "INPUT_API_BUILD_COMMAND" -e "INPUT_APP_ARTIFACT_LOCATION" -e "INPUT_APP_BUILD_COMMAND" -e "INPUT_ROUTES_LOCATION" -e "INPUT_CONFIG_FILE_LOCATION" -e "INPUT_SKIP_API_BUILD" -e "INPUT_PRODUCTION_BRANCH" -e "INPUT_DEPLOYMENT_ENVIRONMENT" -e "INPUT_IS_STATIC_EXPORT" -e "INPUT_DATA_API_LOCATION" -e "INPUT_GITHUB_ID_TOKEN" -e "HOME" -e "GITHUB_JOB" -e "GITHUB_REF" -e "GITHUB_SHA" -e "GITHUB_REPOSITORY" -e "GITHUB_REPOSITORY_OWNER" -e "GITHUB_REPOSITORY_OWNER_ID" -e "GITHUB_RUN_ID" -e "GITHUB_RUN_NUMBER" -e "GITHUB_RETENTION_DAYS" -e "GITHUB_RUN_ATTEMPT" -e "GITHUB_ACTOR_ID" -e "GITHUB_ACTOR" -e "GITHUB_WORKFLOW" -e "GITHUB_HEAD_REF" -e "GITHUB_BASE_REF" -e "GITHUB_EVENT_NAME" -e "GITHUB_SERVER_URL" -e "GITHUB_API_URL" -e "GITHUB_GRAPHQL_URL" -e "GITHUB_REF_NAME" -e "GITHUB_REF_PROTECTED" -e "GITHUB_REF_TYPE" -e "GITHUB_WORKFLOW_REF" -e "GITHUB_WORKFLOW_SHA" -e "GITHUB_REPOSITORY_ID" -e "GITHUB_TRIGGERING_ACTOR" -e "GITHUB_WORKSPACE" -e "GITHUB_ACTION" -e "GITHUB_EVENT_PATH" -e "GITHUB_ACTION_REPOSITORY" -e "GITHUB_ACTION_REF" -e "GITHUB_PATH" -e "GITHUB_ENV" -e "GITHUB_STEP_SUMMARY" -e "GITHUB_STATE" -e "GITHUB_OUTPUT" -e "RUNNER_OS" -e "RUNNER_ARCH" -e "RUNNER_NAME" -e "RUNNER_ENVIRONMENT" -e "RUNNER_TOOL_CACHE" -e "RUNNER_TEMP" -e "RUNNER_WORKSPACE" -e "ACTIONS_RUNTIME_URL" -e "ACTIONS_RUNTIME_TOKEN" -e "ACTIONS_CACHE_URL" -e "ACTIONS_ID_TOKEN_REQUEST_URL" -e "ACTIONS_ID_TOKEN_REQUEST_TOKEN" -e "ACTIONS_RESULTS_URL" -e GITHUB_ACTIONS=true -e CI=true -v "/var/run/docker.sock":"/var/run/docker.sock" -v "/home/runner/work/_temp/_github_home":"/github/home" -v "/home/runner/work/_temp/_github_workflow":"/github/workflow" -v "/home/runner/work/_temp/_runner_file_commands":"/github/file_commands" -v "/home/runner/work/portfolio/portfolio":"/github/workspace" 60b337:355ee83574944d89ac1243d1aca3355d
Build and Deploy Job	Build And Deploy	2025-10-04T16:47:58.0637848Z DeploymentId: e6a5a088-6438-4597-bbff-b27185fb49c3
Build and Deploy Job	Build And Deploy	2025-10-04T16:47:58.0638360Z 
Build and Deploy Job	Build And Deploy	2025-10-04T16:47:58.1830556Z [37mTry to validate location at: '/github/workspace/out'.[0m
Build and Deploy Job	Build And Deploy	2025-10-04T16:47:58.1844084Z [37mApp Directory Location: 'out' was found.[0m
Build and Deploy Job	Build And Deploy	2025-10-04T16:47:58.1845208Z [37mTry to validate location at: '/github/workspace/swa-db-connections'.[0m
Build and Deploy Job	Build And Deploy	2025-10-04T16:47:58.1847019Z [37mLooking for event info[0m
Build and Deploy Job	Build And Deploy	2025-10-04T16:48:19.7123731Z [31mThe content server has rejected the request with: BadRequest[0m
Build and Deploy Job	Build And Deploy	2025-10-04T16:48:19.7125051Z [31mReason: No matching Static Web App was found or the api key was invalid.[0m
Build and Deploy Job	Build And Deploy	2025-10-04T16:48:19.8807295Z [37m[0m
Build and Deploy Job	Build And Deploy	2025-10-04T16:48:19.8808676Z [33mFor further information, please visit the Azure Static Web Apps documentation at https://docs.microsoft.com/en-us/azure/static-web-apps/[0m
Build and Deploy Job	Build And Deploy	2025-10-04T16:48:19.8810799Z [33mIf you believe this behavior is unexpected, please raise a GitHub issue at https://github.com/azure/static-web-apps/issues/[0m
Build and Deploy Job	Build And Deploy	2025-10-04T16:48:19.8811610Z [33mExiting[0m
Build and Deploy Job	Post Run actions/checkout@v4	´╗┐2025-10-04T16:48:19.9760147Z Post job cleanup.
Build and Deploy Job	Post Run actions/checkout@v4	2025-10-04T16:48:20.0705091Z [command]/usr/bin/git version
Build and Deploy Job	Post Run actions/checkout@v4	2025-10-04T16:48:20.0744243Z git version 2.51.0
Build and Deploy Job	Post Run actions/checkout@v4	2025-10-04T16:48:20.0788640Z Temporarily overriding HOME='/home/runner/work/_temp/73574ee5-c595-4322-ad2d-dc6d5585e412' before making global git config changes
Build and Deploy Job	Post Run actions/checkout@v4	2025-10-04T16:48:20.0790322Z Adding repository directory to the temporary git global config as a safe directory
Build and Deploy Job	Post Run actions/checkout@v4	2025-10-04T16:48:20.0794453Z [command]/usr/bin/git config --global --add safe.directory /home/runner/work/portfolio/portfolio
Build and Deploy Job	Post Run actions/checkout@v4	2025-10-04T16:48:20.0830451Z [command]/usr/bin/git config --local --name-only --get-regexp core\.sshCommand
Build and Deploy Job	Post Run actions/checkout@v4	2025-10-04T16:48:20.0863052Z [command]/usr/bin/git submodule foreach --recursive sh -c "git config --local --name-only --get-regexp 'core\.sshCommand' && git config --local --unset-all 'core.sshCommand' || :"
Build and Deploy Job	Post Run actions/checkout@v4	2025-10-04T16:48:20.1087637Z [command]/usr/bin/git config --local --name-only --get-regexp http\.https\:\/\/github\.com\/\.extraheader
Build and Deploy Job	Post Run actions/checkout@v4	2025-10-04T16:48:20.1108784Z http.https://github.com/.extraheader
Build and Deploy Job	Post Run actions/checkout@v4	2025-10-04T16:48:20.1121341Z [command]/usr/bin/git config --local --unset-all http.https://github.com/.extraheader
Build and Deploy Job	Post Run actions/checkout@v4	2025-10-04T16:48:20.1151845Z [command]/usr/bin/git submodule foreach --recursive sh -c "git config --local --name-only --get-regexp 'http\.https\:\/\/github\.com\/\.extraheader' && git config --local --unset-all 'http.https://github.com/.extraheader' || :"
Build and Deploy Job	Complete job	´╗┐2025-10-04T16:48:20.1476422Z Cleaning up orphan processes
